// Jest Snapshot v1, https://goo.gl/fbAQLP

exports[`<GameData /> renders correctly 1`] = `
<div
  className="data-container"
>
  <ul
    className="game-data"
  >
    <h3>
      Races
    </h3>
    <li
      className="data-items"
      key="0"
    >
      <p>
        Race Number: 
        8
      </p>
      <p>
        Race Name: 
        Breddlopp - Sp√•rtrappa
      </p>
      <p>
        Race Start Time: 
        2020-11-14
         
        <b>
          21:02:00
        </b>
      </p>
      <button
        onClick={[Function]}
      >
        Show StartsInfo
      </button>
    </li>
  </ul>
</div>
`;
